{
    "tracking - localtracking - wm": {
        "content": [
            "test__local_tracking.trk",
            [
                [
                    {
                        "id": "test",
                        "single_end": false
                    },
                    "test__local_tracking_config.json:md5,5eac37e6262a85d8d1b33c92e1f35796"
                ]
            ],
            [
                [
                    {
                        "id": "test",
                        "single_end": false
                    },
                    "test__local_seeding_mask.nii.gz:md5,0e098ec82a05ceaa2e94073510cbcdee"
                ]
            ],
            [
                [
                    {
                        "id": "test",
                        "single_end": false
                    },
                    "test__local_tracking_mask.nii.gz:md5,0e098ec82a05ceaa2e94073510cbcdee"
                ]
            ],
            [
                "versions.yml:md5,0088e7190e395324acbb8fce5c474750"
            ]
        ],
        "meta": {
            "nf-test": "0.9.0",
            "nextflow": "25.04.2"
        },
        "timestamp": "2025-06-05T20:57:07.158672254"
    },
    "tracking - localtracking - fa": {
        "content": [
            "test__local_tracking.trk",
            [
                [
                    {
                        "id": "test",
                        "single_end": false
                    },
                    "test__local_tracking_config.json:md5,a082f8d2f2b92cb3f2912a796942a786"
                ]
            ],
            [
                [
                    {
                        "id": "test",
                        "single_end": false
                    },
                    "test__local_seeding_mask.nii.gz:md5,0484a2e44ff153caa79819a8646cc33c"
                ]
            ],
            [
                [
                    {
                        "id": "test",
                        "single_end": false
                    },
                    "test__local_tracking_mask.nii.gz:md5,0484a2e44ff153caa79819a8646cc33c"
                ]
            ],
            [
                "versions.yml:md5,0088e7190e395324acbb8fce5c474750"
            ]
        ],
        "meta": {
            "nf-test": "0.9.0",
            "nextflow": "24.04.4"
        },
        "timestamp": "2024-10-24T19:37:54.047881093"
    }
}