{
    "registration - antsRegistration": {
        "content": [
            {
                "0": [
                    [
                        {
                            "id": "test",
                            "single_end": false
                        },
                        "test__t1_warped.nii.gz:md5,ff651c76f4ea493de0a06a202e9f9fb2"
                    ]
                ],
                "1": [
                    [
                        {
                            "id": "test",
                            "single_end": false
                        },
                        "test__output1Warp.nii.gz:md5,f896e4fef21f26c84bf834afd7fb5d55",
                        "test__output0GenericAffine.mat:md5,043decee0d131e79a802e3dcc61c22f0"
                    ]
                ],
                "2": [
                    [
                        {
                            "id": "test",
                            "single_end": false
                        },
                        "test__output0GenericAffine.mat:md5,043decee0d131e79a802e3dcc61c22f0",
                        "test__output1InverseWarp.nii.gz:md5,62d6287e60dd36ffd477e71061f23077"
                    ]
                ],
                "3": [
                    "versions.yml:md5,9c255f4c751382be7bf6fe6ffb0d635d"
                ],
                "image_warped": [
                    [
                        {
                            "id": "test",
                            "single_end": false
                        },
                        "test__t1_warped.nii.gz:md5,ff651c76f4ea493de0a06a202e9f9fb2"
                    ]
                ],
                "transfo_image": [
                    [
                        {
                            "id": "test",
                            "single_end": false
                        },
                        "test__output1Warp.nii.gz:md5,f896e4fef21f26c84bf834afd7fb5d55",
                        "test__output0GenericAffine.mat:md5,043decee0d131e79a802e3dcc61c22f0"
                    ]
                ],
                "transfo_trk": [
                    [
                        {
                            "id": "test",
                            "single_end": false
                        },
                        "test__output0GenericAffine.mat:md5,043decee0d131e79a802e3dcc61c22f0",
                        "test__output1InverseWarp.nii.gz:md5,62d6287e60dd36ffd477e71061f23077"
                    ]
                ],
                "versions": [
                    "versions.yml:md5,9c255f4c751382be7bf6fe6ffb0d635d"
                ]
            }
        ],
        "meta": {
            "nf-test": "0.8.4",
            "nextflow": "23.10.1"
        },
        "timestamp": "2024-05-01T19:09:12.780118"
    },
    "registration - SyNQuick": {
        "content": [
            {
                "0": [
                    [
                        {
                            "id": "test",
                            "single_end": false
                        },
                        "test__warped.nii.gz:md5,88442ab57066e1fb1e03f90d73cdfc42"
                    ]
                ],
                "1": [
                    [
                        {
                            "id": "test",
                            "single_end": false
                        },
                        [
                            "test__output0Warp.nii.gz:md5,61436a721b29633474255640b5e44f7f",
                            "test__output1GenericAffine.mat:md5,3946e4d33c15911a9a1d72374fdbe4df"
                        ]
                    ]
                ],
                "2": [
                    [
                        {
                            "id": "test",
                            "single_end": false
                        },
                        [
                            "test__output0InverseAffine.mat:md5,b30458b37b728d8ce97890b391ad9df9",
                            "test__output1InverseWarp.nii.gz:md5,278d1774561435ff0a3ec239872b74e5"
                        ]
                    ]
                ],
                "3": [
                    "versions.yml:md5,96376b8bc28640eef565e7f1e258dbb2"
                ],
                "image_warped": [
                    [
                        {
                            "id": "test",
                            "single_end": false
                        },
                        "test__warped.nii.gz:md5,88442ab57066e1fb1e03f90d73cdfc42"
                    ]
                ],
                "transfo_image": [
                    [
                        {
                            "id": "test",
                            "single_end": false
                        },
                        [
                            "test__output0Warp.nii.gz:md5,61436a721b29633474255640b5e44f7f",
                            "test__output1GenericAffine.mat:md5,3946e4d33c15911a9a1d72374fdbe4df"
                        ]
                    ]
                ],
                "transfo_trk": [
                    [
                        {
                            "id": "test",
                            "single_end": false
                        },
                        [
                            "test__output0InverseAffine.mat:md5,b30458b37b728d8ce97890b391ad9df9",
                            "test__output1InverseWarp.nii.gz:md5,278d1774561435ff0a3ec239872b74e5"
                        ]
                    ]
                ],
                "versions": [
                    "versions.yml:md5,96376b8bc28640eef565e7f1e258dbb2"
                ]
            }
        ],
        "meta": {
            "nf-test": "0.8.4",
            "nextflow": "23.10.1"
        },
        "timestamp": "2024-05-10T15:06:53.240526"
    }
}