{
    "eddy": {
        "content": [
            "test__dwi_corrected.nii.gz",
            [
                [
                    {
                        "id": "test",
                        "single_end": false
                    },
                    "test__bval_eddy:md5,4c61c53078316c31b4d5daf446a3d6ac"
                ]
            ],
            "test__dwi_eddy_corrected.bvec",
            [
                [
                    {
                        "id": "test",
                        "single_end": false
                    },
                    "test__b0_bet_mask.nii.gz:md5,fc1f94e2a5e2cf5197d7fdc28a83ca28"
                ]
            ]
        ],
        "meta": {
            "nf-test": "0.8.4",
            "nextflow": "23.10.1"
        },
        "timestamp": "2024-04-29T16:11:13.561798"
    }
}