{
    "preproc_dwi - AP DWI+sbref | PA DWI+sbref": {
        "content": [
            {
                "b0": [
                    [
                        {
                            "id": "test"
                        },
                        "test_b0.nii.gz"
                    ]
                ],
                "b0_mask": [
                    [
                        {
                            "id": "test"
                        },
                        "test_resampled.nii.gz"
                    ]
                ],
                "bval": [
                    [
                        {
                            "id": "test"
                        },
                        "test__dwi_eddy_corrected.bval"
                    ]
                ],
                "bvec": [
                    [
                        {
                            "id": "test"
                        },
                        "test__dwi_eddy_corrected.bvec"
                    ]
                ],
                "dwi": [
                    [
                        {
                            "id": "test"
                        },
                        "test_resampled.nii.gz"
                    ]
                ],
                "dwi_bounding_box": [
                    [
                        {
                            "id": "test"
                        },
                        "test__image_boundingBox.pkl"
                    ]
                ],
                "dwi_n4": [
                    [
                        {
                            "id": "test"
                        },
                        "test__image_n4.nii.gz"
                    ]
                ],
                "dwi_topup_eddy": [
                    [
                        {
                            "id": "test"
                        },
                        "test__dwi_corrected.nii.gz"
                    ]
                ],
                "mqc": [
                    [
                        {
                            "id": "test"
                        },
                        "test__b0_topup_mqc.gif",
                        "test__rev_b0_topup_mqc.gif"
                    ],
                    [
                        {
                            "id": "test"
                        },
                        "test__dwi_eddy_mqc.gif"
                    ],
                    [
                        {
                            "id": "test"
                        },
                        "test__rev_dwi_eddy_mqc.gif"
                    ]
                ],
                "versions": [
                    "versions.yml:md5,034b6d262d1e0e45c673d3ac1756e22f",
                    "versions.yml:md5,10ec368dc91791041043fddf6ea3d5c9",
                    "versions.yml:md5,2a21b128aa5c69a8532e114406dae21d",
                    "versions.yml:md5,341db3ceefafcc7f6ed94daebf9b4b9c",
                    "versions.yml:md5,571265e710ca29198e69be22c0f970d5",
                    "versions.yml:md5,662ea558da42564a0f6140473132bcb4",
                    "versions.yml:md5,96b217735e8b8f2f6a2d0f43f94d51e5",
                    "versions.yml:md5,a585ae0f02b31e59f3f641836f5cb608",
                    "versions.yml:md5,c7da6834a9868efe7d6878ae023a6782",
                    "versions.yml:md5,cad56766a7aba84e153c3be70f8c48f2",
                    "versions.yml:md5,ed801d1dbdfc6c31e103bcfd124eeb03",
                    "versions.yml:md5,f041502e22449973d84ac1c618e8ebf9"
                ]
            }
        ],
        "meta": {
            "nf-test": "0.9.0",
            "nextflow": "25.04.7"
        },
        "timestamp": "2025-09-16T22:11:24.590446506"
    },
    "preproc_dwi - AP DWI | PA sbref": {
        "content": [
            {
                "b0": [
                    [
                        {
                            "id": "test"
                        },
                        "test_b0.nii.gz"
                    ]
                ],
                "b0_mask": [
                    [
                        {
                            "id": "test"
                        },
                        "test_resampled.nii.gz"
                    ]
                ],
                "bval": [
                    [
                        {
                            "id": "test"
                        },
                        "test__dwi_eddy_corrected.bval"
                    ]
                ],
                "bvec": [
                    [
                        {
                            "id": "test"
                        },
                        "test__dwi_eddy_corrected.bvec"
                    ]
                ],
                "dwi": [
                    [
                        {
                            "id": "test"
                        },
                        "test_resampled.nii.gz"
                    ]
                ],
                "dwi_bounding_box": [
                    [
                        {
                            "id": "test"
                        },
                        "test__image_boundingBox.pkl"
                    ]
                ],
                "dwi_n4": [
                    [
                        {
                            "id": "test"
                        },
                        "test__image_n4.nii.gz"
                    ]
                ],
                "dwi_topup_eddy": [
                    [
                        {
                            "id": "test"
                        },
                        "test__dwi_corrected.nii.gz"
                    ]
                ],
                "mqc": [
                    [
                        {
                            "id": "test"
                        },
                        "test__b0_topup_mqc.gif",
                        "test__rev_b0_topup_mqc.gif"
                    ],
                    [
                        {
                            "id": "test"
                        },
                        "test__dwi_eddy_mqc.gif"
                    ],
                    [
                        {
                            "id": "test"
                        },
                        "test__rev_dwi_eddy_mqc.gif"
                    ]
                ],
                "versions": [
                    "versions.yml:md5,034b6d262d1e0e45c673d3ac1756e22f",
                    "versions.yml:md5,10ec368dc91791041043fddf6ea3d5c9",
                    "versions.yml:md5,2a21b128aa5c69a8532e114406dae21d",
                    "versions.yml:md5,341db3ceefafcc7f6ed94daebf9b4b9c",
                    "versions.yml:md5,571265e710ca29198e69be22c0f970d5",
                    "versions.yml:md5,96b217735e8b8f2f6a2d0f43f94d51e5",
                    "versions.yml:md5,a585ae0f02b31e59f3f641836f5cb608",
                    "versions.yml:md5,c7da6834a9868efe7d6878ae023a6782",
                    "versions.yml:md5,cad56766a7aba84e153c3be70f8c48f2",
                    "versions.yml:md5,f041502e22449973d84ac1c618e8ebf9"
                ]
            }
        ],
        "meta": {
            "nf-test": "0.9.0",
            "nextflow": "25.04.7"
        },
        "timestamp": "2025-09-16T22:08:31.630302551"
    },
    "preproc_dwi - AP DWI | PA DWI": {
        "content": [
            {
                "b0": [
                    [
                        {
                            "id": "test"
                        },
                        "test_b0.nii.gz"
                    ]
                ],
                "b0_mask": [
                    [
                        {
                            "id": "test"
                        },
                        "test_resampled.nii.gz"
                    ]
                ],
                "bval": [
                    [
                        {
                            "id": "test"
                        },
                        "test__dwi_eddy_corrected.bval"
                    ]
                ],
                "bvec": [
                    [
                        {
                            "id": "test"
                        },
                        "test__dwi_eddy_corrected.bvec"
                    ]
                ],
                "dwi": [
                    [
                        {
                            "id": "test"
                        },
                        "test_resampled.nii.gz"
                    ]
                ],
                "dwi_bounding_box": [
                    [
                        {
                            "id": "test"
                        },
                        "test__image_boundingBox.pkl"
                    ]
                ],
                "dwi_n4": [
                    [
                        {
                            "id": "test"
                        },
                        "test__image_n4.nii.gz"
                    ]
                ],
                "dwi_topup_eddy": [
                    [
                        {
                            "id": "test"
                        },
                        "test__dwi_corrected.nii.gz"
                    ]
                ],
                "mqc": [
                    [
                        {
                            "id": "test"
                        },
                        "test__b0_topup_mqc.gif",
                        "test__rev_b0_topup_mqc.gif"
                    ],
                    [
                        {
                            "id": "test"
                        },
                        "test__dwi_eddy_mqc.gif"
                    ],
                    [
                        {
                            "id": "test"
                        },
                        "test__rev_dwi_eddy_mqc.gif"
                    ]
                ],
                "versions": [
                    "versions.yml:md5,034b6d262d1e0e45c673d3ac1756e22f",
                    "versions.yml:md5,10ec368dc91791041043fddf6ea3d5c9",
                    "versions.yml:md5,2a21b128aa5c69a8532e114406dae21d",
                    "versions.yml:md5,341db3ceefafcc7f6ed94daebf9b4b9c",
                    "versions.yml:md5,571265e710ca29198e69be22c0f970d5",
                    "versions.yml:md5,662ea558da42564a0f6140473132bcb4",
                    "versions.yml:md5,96b217735e8b8f2f6a2d0f43f94d51e5",
                    "versions.yml:md5,a585ae0f02b31e59f3f641836f5cb608",
                    "versions.yml:md5,c7da6834a9868efe7d6878ae023a6782",
                    "versions.yml:md5,cad56766a7aba84e153c3be70f8c48f2",
                    "versions.yml:md5,ed801d1dbdfc6c31e103bcfd124eeb03",
                    "versions.yml:md5,f041502e22449973d84ac1c618e8ebf9"
                ]
            }
        ],
        "meta": {
            "nf-test": "0.9.0",
            "nextflow": "25.04.7"
        },
        "timestamp": "2025-09-16T22:09:59.224327674"
    }
}