{
    "preproc - n4 - dwi": {
        "content": [
            {
                "0": [
                    [
                        {
                            "id": "test",
                            "single_end": false
                        },
                        "test__image_n4.nii.gz:md5,16156cbdf5b3c14ee1c931f292ba2abd"
                    ]
                ],
                "1": [
                    "versions.yml:md5,123bad85bad0aa1d76265f833a97370d"
                ],
                "image": [
                    [
                        {
                            "id": "test",
                            "single_end": false
                        },
                        "test__image_n4.nii.gz:md5,16156cbdf5b3c14ee1c931f292ba2abd"
                    ]
                ],
                "versions": [
                    "versions.yml:md5,123bad85bad0aa1d76265f833a97370d"
                ]
            }
        ],
        "meta": {
            "nf-test": "0.9.2",
            "nextflow": "25.04.2"
        },
        "timestamp": "2025-06-24T09:01:49.994718"
    },
    "preproc - n4 - anat": {
        "content": [
            {
                "0": [
                    [
                        {
                            "id": "test",
                            "single_end": false
                        },
                        "test__image_n4.nii.gz:md5,5e0f63fd8a69eb259a2e8a3455a30d4b"
                    ]
                ],
                "1": [
                    "versions.yml:md5,123bad85bad0aa1d76265f833a97370d"
                ],
                "image": [
                    [
                        {
                            "id": "test",
                            "single_end": false
                        },
                        "test__image_n4.nii.gz:md5,5e0f63fd8a69eb259a2e8a3455a30d4b"
                    ]
                ],
                "versions": [
                    "versions.yml:md5,123bad85bad0aa1d76265f833a97370d"
                ]
            }
        ],
        "meta": {
            "nf-test": "0.9.2",
            "nextflow": "25.04.2"
        },
        "timestamp": "2025-06-24T09:29:15.755898"
    }
}