{
    "Connectomics + tracking + segmentation profiles - should run successfully": {
        "content": [
            58,
            {
                "ANATTODWI": {
                    "ants": "2.4.3",
                    "mrtrix": "3.0.4",
                    "imagemagick": "6.9.11"
                },
                "BETCROP_SYNTHBET": {
                    "synthstrip": 1.5
                },
                "BET_DWI": {
                    "mrtrix": "3.0.5"
                },
                "CONNECTIVITY_AFDFIXEL": {
                    "scilpy": 1.6
                },
                "CONNECTIVITY_DECOMPOSE": {
                    "scilpy": "2.0.2"
                },
                "CONNECTIVITY_METRICS": {
                    "scilpy": "2.0.2"
                },
                "CONNECTIVITY_VISUALIZE": {
                    "scilpy": "2.0.2"
                },
                "CONVERT": {
                    "mrconvert": "3.0.5"
                },
                "COREG": {
                    "ants": "2.4.3",
                    "mrtrix": "3.0.4",
                    "imagemagick": null
                },
                "CROPB0": {
                    "scilpy": "2.0.2"
                },
                "CROPDWI": {
                    "scilpy": "2.0.2"
                },
                "CROPMASK": {
                    "scilpy": "2.0.2"
                },
                "DENOISE_DWI": {
                    "mrtrix": "3.0.5"
                },
                "DENOISE_REVDWI": {
                    "mrtrix": "3.0.5"
                },
                "DENOISING_NLMEANS": {
                    "scilpy": "2.0.2"
                },
                "EXTRACTB0_RESAMPLE": {
                    "scilpy": "2.0.2",
                    "mrtrix": "3.0.4"
                },
                "FILTERING_COMMIT": {
                    "scilpy": 1.6
                },
                "IMAGE_POWDERAVERAGE": {
                    "scilpy": "2.0.2"
                },
                "MCRIBS": {
                    "mcribs": "2.1.0",
                    "ants": "2.5.3-g98bf76d",
                    "fsl": 6.0,
                    "freesurfer": "7.1.1"
                },
                "N4_DWI": {
                    "scilpy": "2.0.2",
                    "N4BiasFieldCorrection": "2.4.3-gcaa60eb"
                },
                "NORMALIZE_DWI": {
                    "scilpy": "2.0.2",
                    "mrtrix": "3.0.4"
                },
                "PREPROC_TOPUP": {
                    "scilpy": "2.1.0rc1",
                    "antsRegistration": null,
                    "fsl": 6.0,
                    "mrtrix": "3.0.4",
                    "imagemagick": "6.9.11"
                },
                "RECONST_DTIMETRICS": {
                    "scilpy": "2.1.0rc1",
                    "mrtrix": "3.0.4"
                },
                "RECONST_FODF": {
                    "scilpy": "2.0.2"
                },
                "RECONST_FRF": {
                    "scilpy": "2.1.0rc1"
                },
                "RESAMPLE_DWI": {
                    "scilpy": "2.0.2"
                },
                "RESAMPLE_MASK": {
                    "scilpy": "2.0.2"
                },
                "TEMPLATETODWI": {
                    "ants": "2.4.3",
                    "mrtrix": "3.0.4",
                    "imagemagick": "6.9.11"
                },
                "TRACKINGMASKS": {
                    "scilpy": "2.1.0rc1",
                    "mrtrix": "3.0.4",
                    "fsl": 6.0
                },
                "TRACKING_LOCALTRACKING": {
                    "scilpy": "2.0.2"
                },
                "TRACKING_PFTTRACKING": {
                    "scilpy": "2.0.2",
                    "mrtrix": "3.0.4"
                },
                "TRACTOGRAM_MATH": {
                    "scilpy": "2.1.0rc1"
                },
                "TRANSFORM_LABELS": {
                    "ants": "2.4.3",
                    "mrtrix": "3.0.4",
                    "imagemagick": null
                },
                "WARPPROBSEG": {
                    "ants": "2.4.3",
                    "mrtrix": "3.0.4",
                    "imagemagick": null
                },
                "Workflow": {
                    "scilus/nf-pediatric": "v1.0dev"
                }
            },
            [
                "cortical_Infant_area_lh.tsv",
                "cortical_Infant_area_rh.tsv",
                "cortical_Infant_thickness_lh.tsv",
                "cortical_Infant_thickness_rh.tsv",
                "cortical_Infant_volume_lh.tsv",
                "cortical_Infant_volume_rh.tsv",
                "dataset_description.json",
                "multiqc",
                "multiqc/global_multiqc_data",
                "multiqc/global_multiqc_plots",
                "multiqc/global_multiqc_report.html",
                "participants.tsv",
                "pipeline_info",
                "pipeline_info/nf-pediatric_software_mqc_versions.yml",
                "sub-test1",
                "sub-test1/ses-baseline",
                "sub-test1/ses-baseline/anat",
                "sub-test1/ses-baseline/anat/sub-test1_ses-baseline_desc-boundingbox.pkl",
                "sub-test1/ses-baseline/anat/sub-test1_ses-baseline_desc-brain_mask.nii.gz",
                "sub-test1/ses-baseline/anat/sub-test1_ses-baseline_desc-preproc_T1w.nii.gz",
                "sub-test1/ses-baseline/anat/sub-test1_ses-baseline_desc-preproc_T2w.nii.gz",
                "sub-test1/ses-baseline/anat/sub-test1_ses-baseline_from-T1w_to-T2w_affine.mat",
                "sub-test1/ses-baseline/anat/sub-test1_ses-baseline_from-T2w_to-T1w_affine.mat",
                "sub-test1/ses-baseline/anat/sub-test1_ses-baseline_from-T2w_to-dwi_affine.mat",
                "sub-test1/ses-baseline/anat/sub-test1_ses-baseline_from-T2w_to-dwi_warp.nii.gz",
                "sub-test1/ses-baseline/anat/sub-test1_ses-baseline_from-dwi_to-T2w_warp.nii.gz",
                "sub-test1/ses-baseline/anat/sub-test1_ses-baseline_seg-DK_dseg.nii.gz",
                "sub-test1/ses-baseline/anat/sub-test1_ses-baseline_seg-DK_stat-lh_area.tsv",
                "sub-test1/ses-baseline/anat/sub-test1_ses-baseline_seg-DK_stat-lh_thickness.tsv",
                "sub-test1/ses-baseline/anat/sub-test1_ses-baseline_seg-DK_stat-lh_volume.tsv",
                "sub-test1/ses-baseline/anat/sub-test1_ses-baseline_seg-DK_stat-rh_area.tsv",
                "sub-test1/ses-baseline/anat/sub-test1_ses-baseline_seg-DK_stat-rh_thickness.tsv",
                "sub-test1/ses-baseline/anat/sub-test1_ses-baseline_seg-DK_stat-rh_volume.tsv",
                "sub-test1/ses-baseline/anat/sub-test1_ses-baseline_seg-DK_stat-subcortical.tsv",
                "sub-test1/ses-baseline/anat/sub-test1_ses-baseline_space-DWI_desc-preproc_T2w.nii.gz",
                "sub-test1/ses-baseline/anat/sub-test1_ses-baseline_space-DWI_label-CSF_mask.nii.gz",
                "sub-test1/ses-baseline/anat/sub-test1_ses-baseline_space-DWI_label-CSF_probseg.nii.gz",
                "sub-test1/ses-baseline/anat/sub-test1_ses-baseline_space-DWI_label-GM_mask.nii.gz",
                "sub-test1/ses-baseline/anat/sub-test1_ses-baseline_space-DWI_label-GM_probseg.nii.gz",
                "sub-test1/ses-baseline/anat/sub-test1_ses-baseline_space-DWI_label-WM_mask.nii.gz",
                "sub-test1/ses-baseline/anat/sub-test1_ses-baseline_space-DWI_label-WM_probseg.nii.gz",
                "sub-test1/ses-baseline/anat/sub-test1_ses-baseline_space-DWI_seg-DK_dseg.nii.gz",
                "sub-test1/ses-baseline/anat/sub-test1_ses-baseline_space-T2w_desc-preproc_T1w.nii.gz",
                "sub-test1/ses-baseline/dwi",
                "sub-test1/ses-baseline/dwi/sub-test1_ses-baseline_desc-ad.nii.gz",
                "sub-test1/ses-baseline/dwi/sub-test1_ses-baseline_desc-afd_max.nii.gz",
                "sub-test1/ses-baseline/dwi/sub-test1_ses-baseline_desc-afd_sum.nii.gz",
                "sub-test1/ses-baseline/dwi/sub-test1_ses-baseline_desc-afd_total.nii.gz",
                "sub-test1/ses-baseline/dwi/sub-test1_ses-baseline_desc-brain_mask.nii.gz",
                "sub-test1/ses-baseline/dwi/sub-test1_ses-baseline_desc-concatenated_tractogram.trk",
                "sub-test1/ses-baseline/dwi/sub-test1_ses-baseline_desc-csf_fodf.nii.gz",
                "sub-test1/ses-baseline/dwi/sub-test1_ses-baseline_desc-fa.nii.gz",
                "sub-test1/ses-baseline/dwi/sub-test1_ses-baseline_desc-fodf.nii.gz",
                "sub-test1/ses-baseline/dwi/sub-test1_ses-baseline_desc-ga.nii.gz",
                "sub-test1/ses-baseline/dwi/sub-test1_ses-baseline_desc-gm_fodf.nii.gz",
                "sub-test1/ses-baseline/dwi/sub-test1_ses-baseline_desc-local_tractogram.trk",
                "sub-test1/ses-baseline/dwi/sub-test1_ses-baseline_desc-md.nii.gz",
                "sub-test1/ses-baseline/dwi/sub-test1_ses-baseline_desc-mode.nii.gz",
                "sub-test1/ses-baseline/dwi/sub-test1_ses-baseline_desc-nufo.nii.gz",
                "sub-test1/ses-baseline/dwi/sub-test1_ses-baseline_desc-peaks.nii.gz",
                "sub-test1/ses-baseline/dwi/sub-test1_ses-baseline_desc-pft_tractogram.trk",
                "sub-test1/ses-baseline/dwi/sub-test1_ses-baseline_desc-preproc_b0.nii.gz",
                "sub-test1/ses-baseline/dwi/sub-test1_ses-baseline_desc-preproc_dwi.bval",
                "sub-test1/ses-baseline/dwi/sub-test1_ses-baseline_desc-preproc_dwi.bvec",
                "sub-test1/ses-baseline/dwi/sub-test1_ses-baseline_desc-preproc_dwi.nii.gz",
                "sub-test1/ses-baseline/dwi/sub-test1_ses-baseline_desc-pwdavg_dwi.nii.gz",
                "sub-test1/ses-baseline/dwi/sub-test1_ses-baseline_desc-rd.nii.gz",
                "sub-test1/ses-baseline/dwi/sub-test1_ses-baseline_desc-rgb.nii.gz",
                "sub-test1/ses-baseline/dwi/sub-test1_ses-baseline_desc-tensor.nii.gz",
                "sub-test1/ses-baseline/dwi/sub-test1_ses-baseline_desc-wm_fodf.nii.gz",
                "sub-test1/ses-baseline/dwi/sub-test1_ses-baseline_frf.txt",
                "sub-test1/ses-baseline/dwi/sub-test1_ses-baseline_seg-DK_desc-filtered_tractogram.h5",
                "sub-test1/ses-baseline/dwi/sub-test1_ses-baseline_seg-DK_desc-preproc_tractogram.h5",
                "sub-test1/ses-baseline/dwi/sub-test1_ses-baseline_seg-DK_stat-ad.npy",
                "sub-test1/ses-baseline/dwi/sub-test1_ses-baseline_seg-DK_stat-afd.npy",
                "sub-test1/ses-baseline/dwi/sub-test1_ses-baseline_seg-DK_stat-fa.npy",
                "sub-test1/ses-baseline/dwi/sub-test1_ses-baseline_seg-DK_stat-md.npy",
                "sub-test1/ses-baseline/dwi/sub-test1_ses-baseline_seg-DK_stat-mode.npy",
                "sub-test1/ses-baseline/dwi/sub-test1_ses-baseline_seg-DK_stat-nufo.npy",
                "sub-test1/ses-baseline/dwi/sub-test1_ses-baseline_seg-DK_stat-rd.npy",
                "sub-test1/ses-baseline/dwi/sub-test1_ses-baseline_space-DWI_label-exclude_desc-pft_probseg.nii.gz",
                "sub-test1/ses-baseline/dwi/sub-test1_ses-baseline_space-DWI_label-include_desc-pft_probseg.nii.gz",
                "sub-test1/ses-baseline/dwi/sub-test1_ses-baseline_space-DWI_label-seeding_desc-local_mask.nii.gz",
                "sub-test1/ses-baseline/dwi/sub-test1_ses-baseline_space-DWI_label-seeding_desc-pft_mask.nii.gz",
                "sub-test1/ses-baseline/dwi/sub-test1_ses-baseline_space-DWI_label-tracking_desc-local_mask.nii.gz",
                "sub-test1/ses-baseline/figures",
                "sub-test1/ses-baseline/figures/sub-test1__coverage_overlay_mqc.png",
                "sub-test1/ses-baseline/figures/sub-test1_gradients_mqc.png",
                "sub-test1/ses-baseline/figures/sub-test1_labels_mqc.png",
                "sub-test1/ses-baseline/figures/sub-test1_metrics_mqc.png",
                "sub-test1/ses-baseline/figures/sub-test1_ses-baseline_seg-DK_stat-ad.png",
                "sub-test1/ses-baseline/figures/sub-test1_ses-baseline_seg-DK_stat-afd.png",
                "sub-test1/ses-baseline/figures/sub-test1_ses-baseline_seg-DK_stat-fa.png",
                "sub-test1/ses-baseline/figures/sub-test1_ses-baseline_seg-DK_stat-md.png",
                "sub-test1/ses-baseline/figures/sub-test1_ses-baseline_seg-DK_stat-mode.png",
                "sub-test1/ses-baseline/figures/sub-test1_ses-baseline_seg-DK_stat-nufo.png",
                "sub-test1/ses-baseline/figures/sub-test1_ses-baseline_seg-DK_stat-rd.png",
                "sub-test1/ses-baseline/figures/sub-test1_tissue_segmentation_mqc.png",
                "sub-test1/ses-baseline/multiqc",
                "sub-test1/ses-baseline/multiqc/sub-test1_multiqc_data",
                "sub-test1/ses-baseline/multiqc/sub-test1_multiqc_plots",
                "sub-test1/ses-baseline/multiqc/sub-test1_multiqc_report.html",
                "subcortical_Infant_volumes.tsv"
            ],
            [
                "",
                "sub-test1_ses-baseline"
            ]
        ],
        "meta": {
            "nf-test": "0.9.2",
            "nextflow": "25.04.2"
        },
        "timestamp": "2025-05-28T11:47:22.472685"
    },
    "Segmentation + connectomics profiles - should run successfully": {
        "content": [
            27,
            {
                "CONNECTIVITY_AFDFIXEL": {
                    "scilpy": 1.6
                },
                "CONNECTIVITY_DECOMPOSE": {
                    "scilpy": "2.0.2"
                },
                "CONNECTIVITY_METRICS": {
                    "scilpy": "2.0.2"
                },
                "CONNECTIVITY_VISUALIZE": {
                    "scilpy": "2.0.2"
                },
                "COREG": {
                    "ants": "2.4.3",
                    "mrtrix": "3.0.4",
                    "imagemagick": null
                },
                "DENOISING_NLMEANS": {
                    "scilpy": "2.0.2"
                },
                "FILTERING_COMMIT": {
                    "scilpy": 1.6
                },
                "MCRIBS": {
                    "mcribs": "2.1.0",
                    "ants": "2.5.3-g98bf76d",
                    "fsl": 6.0,
                    "freesurfer": "7.1.1"
                },
                "TRANSFORM_LABELS": {
                    "ants": "2.4.3",
                    "mrtrix": "3.0.4",
                    "imagemagick": null
                },
                "Workflow": {
                    "scilus/nf-pediatric": "v1.0dev"
                }
            },
            [
                "cortical_Infant_area_lh.tsv",
                "cortical_Infant_area_rh.tsv",
                "cortical_Infant_thickness_lh.tsv",
                "cortical_Infant_thickness_rh.tsv",
                "cortical_Infant_volume_lh.tsv",
                "cortical_Infant_volume_rh.tsv",
                "dataset_description.json",
                "multiqc",
                "multiqc/global_multiqc_data",
                "multiqc/global_multiqc_plots",
                "multiqc/global_multiqc_report.html",
                "participants.tsv",
                "pipeline_info",
                "pipeline_info/nf-pediatric_software_mqc_versions.yml",
                "sub-test1",
                "sub-test1/ses-baseline",
                "sub-test1/ses-baseline/anat",
                "sub-test1/ses-baseline/anat/sub-test1_ses-baseline_desc-boundingbox.pkl",
                "sub-test1/ses-baseline/anat/sub-test1_ses-baseline_desc-brain_mask.nii.gz",
                "sub-test1/ses-baseline/anat/sub-test1_ses-baseline_desc-preproc_T1w.nii.gz",
                "sub-test1/ses-baseline/anat/sub-test1_ses-baseline_desc-preproc_T2w.nii.gz",
                "sub-test1/ses-baseline/anat/sub-test1_ses-baseline_from-T1w_to-T2w_affine.mat",
                "sub-test1/ses-baseline/anat/sub-test1_ses-baseline_from-T2w_to-T1w_affine.mat",
                "sub-test1/ses-baseline/anat/sub-test1_ses-baseline_seg-DK_dseg.nii.gz",
                "sub-test1/ses-baseline/anat/sub-test1_ses-baseline_seg-DK_stat-lh_area.tsv",
                "sub-test1/ses-baseline/anat/sub-test1_ses-baseline_seg-DK_stat-lh_thickness.tsv",
                "sub-test1/ses-baseline/anat/sub-test1_ses-baseline_seg-DK_stat-lh_volume.tsv",
                "sub-test1/ses-baseline/anat/sub-test1_ses-baseline_seg-DK_stat-rh_area.tsv",
                "sub-test1/ses-baseline/anat/sub-test1_ses-baseline_seg-DK_stat-rh_thickness.tsv",
                "sub-test1/ses-baseline/anat/sub-test1_ses-baseline_seg-DK_stat-rh_volume.tsv",
                "sub-test1/ses-baseline/anat/sub-test1_ses-baseline_seg-DK_stat-subcortical.tsv",
                "sub-test1/ses-baseline/anat/sub-test1_ses-baseline_space-DWI_seg-DK_dseg.nii.gz",
                "sub-test1/ses-baseline/anat/sub-test1_ses-baseline_space-T2w_desc-preproc_T1w.nii.gz",
                "sub-test1/ses-baseline/dwi",
                "sub-test1/ses-baseline/dwi/sub-test1_ses-baseline_seg-DK_desc-filtered_tractogram.h5",
                "sub-test1/ses-baseline/dwi/sub-test1_ses-baseline_seg-DK_desc-preproc_tractogram.h5",
                "sub-test1/ses-baseline/dwi/sub-test1_ses-baseline_seg-DK_stat-ad.npy",
                "sub-test1/ses-baseline/dwi/sub-test1_ses-baseline_seg-DK_stat-fa.npy",
                "sub-test1/ses-baseline/figures",
                "sub-test1/ses-baseline/figures/sub-test1_gradients_mqc.png",
                "sub-test1/ses-baseline/figures/sub-test1_labels_mqc.png",
                "sub-test1/ses-baseline/figures/sub-test1_ses-baseline_seg-DK_stat-ad.png",
                "sub-test1/ses-baseline/figures/sub-test1_ses-baseline_seg-DK_stat-fa.png",
                "sub-test1/ses-baseline/multiqc",
                "sub-test1/ses-baseline/multiqc/sub-test1_multiqc_data",
                "sub-test1/ses-baseline/multiqc/sub-test1_multiqc_plots",
                "sub-test1/ses-baseline/multiqc/sub-test1_multiqc_report.html",
                "subcortical_Infant_volumes.tsv"
            ],
            [
                "",
                "sub-test1_ses-baseline"
            ]
        ],
        "meta": {
            "nf-test": "0.9.2",
            "nextflow": "25.04.2"
        },
        "timestamp": "2025-05-28T11:38:25.304008"
    },
    "Connectomics + tracking profiles - should run successfully": {
        "content": [
            55,
            {
                "ANATTODWI": {
                    "ants": "2.4.3",
                    "mrtrix": "3.0.4",
                    "imagemagick": "6.9.11"
                },
                "BETCROP_SYNTHBET": {
                    "synthstrip": 1.5
                },
                "BET_DWI": {
                    "mrtrix": "3.0.5"
                },
                "CONNECTIVITY_AFDFIXEL": {
                    "scilpy": 1.6
                },
                "CONNECTIVITY_DECOMPOSE": {
                    "scilpy": "2.0.2"
                },
                "CONNECTIVITY_METRICS": {
                    "scilpy": "2.0.2"
                },
                "CONNECTIVITY_VISUALIZE": {
                    "scilpy": "2.0.2"
                },
                "CONVERT": {
                    "mrconvert": "3.0.5"
                },
                "COREG": {
                    "ants": "2.4.3",
                    "mrtrix": "3.0.4",
                    "imagemagick": null
                },
                "CROPB0": {
                    "scilpy": "2.0.2"
                },
                "CROPDWI": {
                    "scilpy": "2.0.2"
                },
                "CROPMASK": {
                    "scilpy": "2.0.2"
                },
                "DENOISE_DWI": {
                    "mrtrix": "3.0.5"
                },
                "DENOISE_REVDWI": {
                    "mrtrix": "3.0.5"
                },
                "DENOISING_NLMEANS": {
                    "scilpy": "2.0.2"
                },
                "EXTRACTB0_RESAMPLE": {
                    "scilpy": "2.0.2",
                    "mrtrix": "3.0.4"
                },
                "FILTERING_COMMIT": {
                    "scilpy": 1.6
                },
                "IMAGE_POWDERAVERAGE": {
                    "scilpy": "2.0.2"
                },
                "N4_DWI": {
                    "scilpy": "2.0.2",
                    "N4BiasFieldCorrection": "2.4.3-gcaa60eb"
                },
                "NORMALIZE_DWI": {
                    "scilpy": "2.0.2",
                    "mrtrix": "3.0.4"
                },
                "PREPROC_TOPUP": {
                    "scilpy": "2.1.0rc1",
                    "antsRegistration": null,
                    "fsl": 6.0,
                    "mrtrix": "3.0.4",
                    "imagemagick": "6.9.11"
                },
                "RECONST_DTIMETRICS": {
                    "scilpy": "2.1.0rc1",
                    "mrtrix": "3.0.4"
                },
                "RECONST_FODF": {
                    "scilpy": "2.0.2"
                },
                "RECONST_FRF": {
                    "scilpy": "2.1.0rc1"
                },
                "RESAMPLE_DWI": {
                    "scilpy": "2.0.2"
                },
                "RESAMPLE_MASK": {
                    "scilpy": "2.0.2"
                },
                "TEMPLATETODWI": {
                    "ants": "2.4.3",
                    "mrtrix": "3.0.4",
                    "imagemagick": "6.9.11"
                },
                "TRACKINGMASKS": {
                    "scilpy": "2.1.0rc1",
                    "mrtrix": "3.0.4",
                    "fsl": 6.0
                },
                "TRACKING_LOCALTRACKING": {
                    "scilpy": "2.0.2"
                },
                "TRACKING_PFTTRACKING": {
                    "scilpy": "2.0.2",
                    "mrtrix": "3.0.4"
                },
                "TRACTOGRAM_MATH": {
                    "scilpy": "2.1.0rc1"
                },
                "TRANSFORM_LABELS": {
                    "ants": "2.4.3",
                    "mrtrix": "3.0.4",
                    "imagemagick": null
                },
                "WARPPROBSEG": {
                    "ants": "2.4.3",
                    "mrtrix": "3.0.4",
                    "imagemagick": null
                },
                "Workflow": {
                    "scilus/nf-pediatric": "v1.0dev"
                }
            },
            [
                "dataset_description.json",
                "multiqc",
                "multiqc/global_multiqc_data",
                "multiqc/global_multiqc_plots",
                "multiqc/global_multiqc_report.html",
                "participants.tsv",
                "pipeline_info",
                "pipeline_info/nf-pediatric_software_mqc_versions.yml",
                "sub-test1",
                "sub-test1/ses-baseline",
                "sub-test1/ses-baseline/anat",
                "sub-test1/ses-baseline/anat/sub-test1_ses-baseline_desc-boundingbox.pkl",
                "sub-test1/ses-baseline/anat/sub-test1_ses-baseline_desc-brain_mask.nii.gz",
                "sub-test1/ses-baseline/anat/sub-test1_ses-baseline_desc-preproc_T1w.nii.gz",
                "sub-test1/ses-baseline/anat/sub-test1_ses-baseline_desc-preproc_T2w.nii.gz",
                "sub-test1/ses-baseline/anat/sub-test1_ses-baseline_from-T1w_to-T2w_affine.mat",
                "sub-test1/ses-baseline/anat/sub-test1_ses-baseline_from-T2w_to-T1w_affine.mat",
                "sub-test1/ses-baseline/anat/sub-test1_ses-baseline_from-T2w_to-dwi_affine.mat",
                "sub-test1/ses-baseline/anat/sub-test1_ses-baseline_from-T2w_to-dwi_warp.nii.gz",
                "sub-test1/ses-baseline/anat/sub-test1_ses-baseline_from-dwi_to-T2w_warp.nii.gz",
                "sub-test1/ses-baseline/anat/sub-test1_ses-baseline_space-DWI_desc-preproc_T2w.nii.gz",
                "sub-test1/ses-baseline/anat/sub-test1_ses-baseline_space-DWI_label-CSF_mask.nii.gz",
                "sub-test1/ses-baseline/anat/sub-test1_ses-baseline_space-DWI_label-CSF_probseg.nii.gz",
                "sub-test1/ses-baseline/anat/sub-test1_ses-baseline_space-DWI_label-GM_mask.nii.gz",
                "sub-test1/ses-baseline/anat/sub-test1_ses-baseline_space-DWI_label-GM_probseg.nii.gz",
                "sub-test1/ses-baseline/anat/sub-test1_ses-baseline_space-DWI_label-WM_mask.nii.gz",
                "sub-test1/ses-baseline/anat/sub-test1_ses-baseline_space-DWI_label-WM_probseg.nii.gz",
                "sub-test1/ses-baseline/anat/sub-test1_ses-baseline_space-DWI_seg-DK_dseg.nii.gz",
                "sub-test1/ses-baseline/anat/sub-test1_ses-baseline_space-T2w_desc-preproc_T1w.nii.gz",
                "sub-test1/ses-baseline/dwi",
                "sub-test1/ses-baseline/dwi/sub-test1_ses-baseline_desc-ad.nii.gz",
                "sub-test1/ses-baseline/dwi/sub-test1_ses-baseline_desc-afd_max.nii.gz",
                "sub-test1/ses-baseline/dwi/sub-test1_ses-baseline_desc-afd_sum.nii.gz",
                "sub-test1/ses-baseline/dwi/sub-test1_ses-baseline_desc-afd_total.nii.gz",
                "sub-test1/ses-baseline/dwi/sub-test1_ses-baseline_desc-brain_mask.nii.gz",
                "sub-test1/ses-baseline/dwi/sub-test1_ses-baseline_desc-concatenated_tractogram.trk",
                "sub-test1/ses-baseline/dwi/sub-test1_ses-baseline_desc-csf_fodf.nii.gz",
                "sub-test1/ses-baseline/dwi/sub-test1_ses-baseline_desc-fa.nii.gz",
                "sub-test1/ses-baseline/dwi/sub-test1_ses-baseline_desc-fodf.nii.gz",
                "sub-test1/ses-baseline/dwi/sub-test1_ses-baseline_desc-ga.nii.gz",
                "sub-test1/ses-baseline/dwi/sub-test1_ses-baseline_desc-gm_fodf.nii.gz",
                "sub-test1/ses-baseline/dwi/sub-test1_ses-baseline_desc-local_tractogram.trk",
                "sub-test1/ses-baseline/dwi/sub-test1_ses-baseline_desc-md.nii.gz",
                "sub-test1/ses-baseline/dwi/sub-test1_ses-baseline_desc-mode.nii.gz",
                "sub-test1/ses-baseline/dwi/sub-test1_ses-baseline_desc-nufo.nii.gz",
                "sub-test1/ses-baseline/dwi/sub-test1_ses-baseline_desc-peaks.nii.gz",
                "sub-test1/ses-baseline/dwi/sub-test1_ses-baseline_desc-pft_tractogram.trk",
                "sub-test1/ses-baseline/dwi/sub-test1_ses-baseline_desc-preproc_b0.nii.gz",
                "sub-test1/ses-baseline/dwi/sub-test1_ses-baseline_desc-preproc_dwi.bval",
                "sub-test1/ses-baseline/dwi/sub-test1_ses-baseline_desc-preproc_dwi.bvec",
                "sub-test1/ses-baseline/dwi/sub-test1_ses-baseline_desc-preproc_dwi.nii.gz",
                "sub-test1/ses-baseline/dwi/sub-test1_ses-baseline_desc-pwdavg_dwi.nii.gz",
                "sub-test1/ses-baseline/dwi/sub-test1_ses-baseline_desc-rd.nii.gz",
                "sub-test1/ses-baseline/dwi/sub-test1_ses-baseline_desc-rgb.nii.gz",
                "sub-test1/ses-baseline/dwi/sub-test1_ses-baseline_desc-tensor.nii.gz",
                "sub-test1/ses-baseline/dwi/sub-test1_ses-baseline_desc-wm_fodf.nii.gz",
                "sub-test1/ses-baseline/dwi/sub-test1_ses-baseline_frf.txt",
                "sub-test1/ses-baseline/dwi/sub-test1_ses-baseline_seg-DK_desc-filtered_tractogram.h5",
                "sub-test1/ses-baseline/dwi/sub-test1_ses-baseline_seg-DK_desc-preproc_tractogram.h5",
                "sub-test1/ses-baseline/dwi/sub-test1_ses-baseline_seg-DK_stat-ad.npy",
                "sub-test1/ses-baseline/dwi/sub-test1_ses-baseline_seg-DK_stat-afd.npy",
                "sub-test1/ses-baseline/dwi/sub-test1_ses-baseline_seg-DK_stat-fa.npy",
                "sub-test1/ses-baseline/dwi/sub-test1_ses-baseline_seg-DK_stat-md.npy",
                "sub-test1/ses-baseline/dwi/sub-test1_ses-baseline_seg-DK_stat-mode.npy",
                "sub-test1/ses-baseline/dwi/sub-test1_ses-baseline_seg-DK_stat-nufo.npy",
                "sub-test1/ses-baseline/dwi/sub-test1_ses-baseline_seg-DK_stat-rd.npy",
                "sub-test1/ses-baseline/dwi/sub-test1_ses-baseline_space-DWI_label-exclude_desc-pft_probseg.nii.gz",
                "sub-test1/ses-baseline/dwi/sub-test1_ses-baseline_space-DWI_label-include_desc-pft_probseg.nii.gz",
                "sub-test1/ses-baseline/dwi/sub-test1_ses-baseline_space-DWI_label-seeding_desc-local_mask.nii.gz",
                "sub-test1/ses-baseline/dwi/sub-test1_ses-baseline_space-DWI_label-seeding_desc-pft_mask.nii.gz",
                "sub-test1/ses-baseline/dwi/sub-test1_ses-baseline_space-DWI_label-tracking_desc-local_mask.nii.gz",
                "sub-test1/ses-baseline/figures",
                "sub-test1/ses-baseline/figures/sub-test1__coverage_overlay_mqc.png",
                "sub-test1/ses-baseline/figures/sub-test1_gradients_mqc.png",
                "sub-test1/ses-baseline/figures/sub-test1_labels_mqc.png",
                "sub-test1/ses-baseline/figures/sub-test1_metrics_mqc.png",
                "sub-test1/ses-baseline/figures/sub-test1_ses-baseline_seg-DK_stat-ad.png",
                "sub-test1/ses-baseline/figures/sub-test1_ses-baseline_seg-DK_stat-afd.png",
                "sub-test1/ses-baseline/figures/sub-test1_ses-baseline_seg-DK_stat-fa.png",
                "sub-test1/ses-baseline/figures/sub-test1_ses-baseline_seg-DK_stat-md.png",
                "sub-test1/ses-baseline/figures/sub-test1_ses-baseline_seg-DK_stat-mode.png",
                "sub-test1/ses-baseline/figures/sub-test1_ses-baseline_seg-DK_stat-nufo.png",
                "sub-test1/ses-baseline/figures/sub-test1_ses-baseline_seg-DK_stat-rd.png",
                "sub-test1/ses-baseline/figures/sub-test1_tissue_segmentation_mqc.png",
                "sub-test1/ses-baseline/multiqc",
                "sub-test1/ses-baseline/multiqc/sub-test1_multiqc_data",
                "sub-test1/ses-baseline/multiqc/sub-test1_multiqc_plots",
                "sub-test1/ses-baseline/multiqc/sub-test1_multiqc_report.html"
            ]
        ],
        "meta": {
            "nf-test": "0.9.2",
            "nextflow": "25.04.2"
        },
        "timestamp": "2025-05-28T11:42:52.329814"
    }
}