{
    "nf-pediatric -profile connectomics,infant": {
        "content": "4e3209e3c6e93e9901a525e77ce460fb",
        "meta": {
            "nf-test": "0.9.2",
            "nextflow": "24.10.3"
        },
        "timestamp": "2025-02-17T20:34:19.897718"
    }
}