{
    "Segmentation profile - fastsurfer - should run successfully": {
        "content": [
            20,
            {
                "COREG": {
                    "ants": "2.4.3",
                    "mrtrix": "3.0.4",
                    "imagemagick": null
                },
                "DENOISING_NLMEANS": {
                    "scilpy": "2.0.2"
                },
                "MCRIBS": {
                    "mcribs": "2.1.0",
                    "ants": "2.5.3-g98bf76d",
                    "fsl": 6.0,
                    "freesurfer": "7.1.1"
                },
                "Workflow": {
                    "scilus/nf-pediatric": "v1.0dev"
                }
            },
            [
                "cortical_Infant_area_lh.tsv",
                "cortical_Infant_area_rh.tsv",
                "cortical_Infant_thickness_lh.tsv",
                "cortical_Infant_thickness_rh.tsv",
                "cortical_Infant_volume_lh.tsv",
                "cortical_Infant_volume_rh.tsv",
                "dataset_description.json",
                "multiqc",
                "multiqc/global_multiqc_data",
                "multiqc/global_multiqc_plots",
                "multiqc/global_multiqc_report.html",
                "participants.tsv",
                "pipeline_info",
                "pipeline_info/nf-pediatric_software_mqc_versions.yml",
                "sub-test1",
                "sub-test1/ses-baseline",
                "sub-test1/ses-baseline/anat",
                "sub-test1/ses-baseline/anat/sub-test1_ses-baseline_desc-boundingbox.pkl",
                "sub-test1/ses-baseline/anat/sub-test1_ses-baseline_desc-brain_mask.nii.gz",
                "sub-test1/ses-baseline/anat/sub-test1_ses-baseline_desc-preproc_T1w.nii.gz",
                "sub-test1/ses-baseline/anat/sub-test1_ses-baseline_desc-preproc_T2w.nii.gz",
                "sub-test1/ses-baseline/anat/sub-test1_ses-baseline_from-T1w_to-T2w_affine.mat",
                "sub-test1/ses-baseline/anat/sub-test1_ses-baseline_from-T2w_to-T1w_affine.mat",
                "sub-test1/ses-baseline/anat/sub-test1_ses-baseline_seg-DK_dseg.nii.gz",
                "sub-test1/ses-baseline/anat/sub-test1_ses-baseline_seg-DK_stat-lh_area.tsv",
                "sub-test1/ses-baseline/anat/sub-test1_ses-baseline_seg-DK_stat-lh_thickness.tsv",
                "sub-test1/ses-baseline/anat/sub-test1_ses-baseline_seg-DK_stat-lh_volume.tsv",
                "sub-test1/ses-baseline/anat/sub-test1_ses-baseline_seg-DK_stat-rh_area.tsv",
                "sub-test1/ses-baseline/anat/sub-test1_ses-baseline_seg-DK_stat-rh_thickness.tsv",
                "sub-test1/ses-baseline/anat/sub-test1_ses-baseline_seg-DK_stat-rh_volume.tsv",
                "sub-test1/ses-baseline/anat/sub-test1_ses-baseline_seg-DK_stat-subcortical.tsv",
                "sub-test1/ses-baseline/anat/sub-test1_ses-baseline_space-T2w_desc-preproc_T1w.nii.gz",
                "sub-test1/ses-baseline/figures",
                "sub-test1/ses-baseline/figures/sub-test1_labels_mqc.png",
                "sub-test1/ses-baseline/multiqc",
                "sub-test1/ses-baseline/multiqc/sub-test1_multiqc_data",
                "sub-test1/ses-baseline/multiqc/sub-test1_multiqc_plots",
                "sub-test1/ses-baseline/multiqc/sub-test1_multiqc_report.html",
                "subcortical_Infant_volumes.tsv"
            ],
            [
                "",
                "sub-test1_ses-baseline"
            ]
        ],
        "meta": {
            "nf-test": "0.9.2",
            "nextflow": "25.04.2"
        },
        "timestamp": "2025-05-28T11:54:12.95473"
    }
}