{
    "reconst - meanfrf": {
        "content": [
            {
                "0": [
                    "mean_frf.txt:md5,92f823e2fb057161b9d6a046a589c0cc"
                ],
                "1": [
                    "versions.yml:md5,0726c38b1e767e3e19f34b087306a364"
                ],
                "meanfrf": [
                    "mean_frf.txt:md5,92f823e2fb057161b9d6a046a589c0cc"
                ],
                "versions": [
                    "versions.yml:md5,0726c38b1e767e3e19f34b087306a364"
                ]
            }
        ],
        "meta": {
            "nf-test": "0.8.4",
            "nextflow": "23.10.1"
        },
        "timestamp": "2024-05-14T15:32:27.0469"
    }
}