{
    "anatomical_segmentation - freesurferseg": {
        "content": [
            {
                "0": [
                    [
                        {
                            "id": "test",
                            "single_end": false
                        },
                        "test__mask_wm.nii.gz:md5,2dc635526adb6ef185300acc326ead13"
                    ]
                ],
                "1": [
                    [
                        {
                            "id": "test",
                            "single_end": false
                        },
                        "test__mask_gm.nii.gz:md5,247106ed727133078fe262b0b8244071"
                    ]
                ],
                "2": [
                    [
                        {
                            "id": "test",
                            "single_end": false
                        },
                        "test__mask_csf.nii.gz:md5,b92db7e454c95afadea320a143912ce8"
                    ]
                ],
                "3": [
                    
                ],
                "4": [
                    
                ],
                "5": [
                    
                ],
                "6": [
                    "versions.yml:md5,18dfcb72144006d4f3e2afc759d2ee6b"
                ],
                "csf_map": [
                    
                ],
                "csf_mask": [
                    [
                        {
                            "id": "test",
                            "single_end": false
                        },
                        "test__mask_csf.nii.gz:md5,b92db7e454c95afadea320a143912ce8"
                    ]
                ],
                "gm_map": [
                    
                ],
                "gm_mask": [
                    [
                        {
                            "id": "test",
                            "single_end": false
                        },
                        "test__mask_gm.nii.gz:md5,247106ed727133078fe262b0b8244071"
                    ]
                ],
                "versions": [
                    "versions.yml:md5,18dfcb72144006d4f3e2afc759d2ee6b"
                ],
                "wm_map": [
                    
                ],
                "wm_mask": [
                    [
                        {
                            "id": "test",
                            "single_end": false
                        },
                        "test__mask_wm.nii.gz:md5,2dc635526adb6ef185300acc326ead13"
                    ]
                ]
            }
        ],
        "meta": {
            "nf-test": "0.8.4",
            "nextflow": "23.10.1"
        },
        "timestamp": "2024-05-09T20:53:29.945493"
    },
    "anatomical_segmentation - fslfast": {
        "content": [
            {
                "0": [
                    [
                        {
                            "id": "test",
                            "single_end": false
                        },
                        "test__mask_wm.nii.gz:md5,f849e268007a747714e342162f13f631"
                    ]
                ],
                "1": [
                    [
                        {
                            "id": "test",
                            "single_end": false
                        },
                        "test__mask_gm.nii.gz:md5,39396421c6d1d32ea7943a5ec7a49dce"
                    ]
                ],
                "2": [
                    [
                        {
                            "id": "test",
                            "single_end": false
                        },
                        "test__mask_csf.nii.gz:md5,d0fbc088059f17faff38fbcd33257d27"
                    ]
                ],
                "3": [
                    [
                        {
                            "id": "test",
                            "single_end": false
                        },
                        "test__map_wm.nii.gz:md5,1d5a9655d4e3c832b14c83e9424b00fc"
                    ]
                ],
                "4": [
                    [
                        {
                            "id": "test",
                            "single_end": false
                        },
                        "test__map_gm.nii.gz:md5,f7e51eb14af645c687db5d2c6a4f5bf4"
                    ]
                ],
                "5": [
                    [
                        {
                            "id": "test",
                            "single_end": false
                        },
                        "test__map_csf.nii.gz:md5,9c14d8f70e69d641d9c214d0d52b3663"
                    ]
                ],
                "6": [
                    "versions.yml:md5,0d100de62a24580c4abbed9193fb6352"
                ],
                "csf_map": [
                    [
                        {
                            "id": "test",
                            "single_end": false
                        },
                        "test__map_csf.nii.gz:md5,9c14d8f70e69d641d9c214d0d52b3663"
                    ]
                ],
                "csf_mask": [
                    [
                        {
                            "id": "test",
                            "single_end": false
                        },
                        "test__mask_csf.nii.gz:md5,d0fbc088059f17faff38fbcd33257d27"
                    ]
                ],
                "gm_map": [
                    [
                        {
                            "id": "test",
                            "single_end": false
                        },
                        "test__map_gm.nii.gz:md5,f7e51eb14af645c687db5d2c6a4f5bf4"
                    ]
                ],
                "gm_mask": [
                    [
                        {
                            "id": "test",
                            "single_end": false
                        },
                        "test__mask_gm.nii.gz:md5,39396421c6d1d32ea7943a5ec7a49dce"
                    ]
                ],
                "versions": [
                    "versions.yml:md5,0d100de62a24580c4abbed9193fb6352"
                ],
                "wm_map": [
                    [
                        {
                            "id": "test",
                            "single_end": false
                        },
                        "test__map_wm.nii.gz:md5,1d5a9655d4e3c832b14c83e9424b00fc"
                    ]
                ],
                "wm_mask": [
                    [
                        {
                            "id": "test",
                            "single_end": false
                        },
                        "test__mask_wm.nii.gz:md5,f849e268007a747714e342162f13f631"
                    ]
                ]
            }
        ],
        "meta": {
            "nf-test": "0.8.4",
            "nextflow": "23.10.1"
        },
        "timestamp": "2024-04-30T23:43:22.788057"
    }
}