{
    "registration - antsapplytransforms": {
        "content": [
            {
                "0": [
                    [
                        {
                            "id": "test",
                            "single_end": false
                        },
                        "test__b0b0__warped.nii.gz:md5,3ae49aacab66fb2378da92155453b1be"
                    ]
                ],
                "1": [
                    [
                        {
                            "id": "test",
                            "single_end": false
                        },
                        "test_b0b0_to_template_registration_antsapplytransforms_mqc.gif:md5,2e97314c320a27e4271c960c50895dfb"
                    ]
                ],
                "2": [
                    "versions.yml:md5,3414a40c02551052589b50e4eb35a3da"
                ],
                "mqc": [
                    [
                        {
                            "id": "test",
                            "single_end": false
                        },
                        "test_b0b0_to_template_registration_antsapplytransforms_mqc.gif:md5,2e97314c320a27e4271c960c50895dfb"
                    ]
                ],
                "versions": [
                    "versions.yml:md5,3414a40c02551052589b50e4eb35a3da"
                ],
                "warped_image": [
                    [
                        {
                            "id": "test",
                            "single_end": false
                        },
                        "test__b0b0__warped.nii.gz:md5,3ae49aacab66fb2378da92155453b1be"
                    ]
                ]
            }
        ],
        "meta": {
            "nf-test": "0.9.2",
            "nextflow": "24.10.5"
        },
        "timestamp": "2025-03-14T18:15:20.750783"
    },
    "registration - antsapplytransforms - stub-run": {
        "content": [
            [
                "versions.yml:md5,3414a40c02551052589b50e4eb35a3da"
            ]
        ],
        "meta": {
            "nf-test": "0.9.0",
            "nextflow": "24.10.3"
        },
        "timestamp": "2025-02-23T16:23:22.94059003"
    }
}