{
    "tracking - pfttracking - fa": {
        "content": [
            "test__pft_tracking.trk",
            [
                [
                    {
                        "id": "test",
                        "single_end": false
                    },
                    "test__pft_tracking_config.json:md5,d8a7d811f0c9bec571e8e583b0aecb94"
                ]
            ],
            [
                [
                    {
                        "id": "test",
                        "single_end": false
                    },
                    "test__map_include.nii.gz:md5,b974759b87b8d920195d93f86219f2ee"
                ]
            ],
            [
                [
                    {
                        "id": "test",
                        "single_end": false
                    },
                    "test__map_exclude.nii.gz:md5,2876363d0394ea01534738650d78f441"
                ]
            ],
            [
                [
                    {
                        "id": "test",
                        "single_end": false
                    },
                    "test__pft_seeding_mask.nii.gz:md5,0484a2e44ff153caa79819a8646cc33c"
                ]
            ],
            [
                "versions.yml:md5,50bec6db1c8ebd60c43b27cbb7ac3105"
            ]
        ],
        "meta": {
            "nf-test": "0.9.0",
            "nextflow": "25.04.2"
        },
        "timestamp": "2025-06-05T15:27:23.982091697"
    },
    "tracking - pfttracking - interface": {
        "content": [
            "test__pft_tracking.trk",
            [
                [
                    {
                        "id": "test",
                        "single_end": false
                    },
                    "test__pft_tracking_config.json:md5,7e326ef48dfda3d63e288f3f49d29847"
                ]
            ],
            [
                [
                    {
                        "id": "test",
                        "single_end": false
                    },
                    "test__map_include.nii.gz:md5,b974759b87b8d920195d93f86219f2ee"
                ]
            ],
            [
                [
                    {
                        "id": "test",
                        "single_end": false
                    },
                    "test__map_exclude.nii.gz:md5,2876363d0394ea01534738650d78f441"
                ]
            ],
            [
                "versions.yml:md5,50bec6db1c8ebd60c43b27cbb7ac3105"
            ],
            [
                [
                    {
                        "id": "test",
                        "single_end": false
                    },
                    "test__pft_seeding_mask.nii.gz:md5,4c9bb24b937fa8ee77923877f2ee6fd1"
                ]
            ]
        ],
        "meta": {
            "nf-test": "0.9.0",
            "nextflow": "25.04.2"
        },
        "timestamp": "2025-06-05T15:27:46.52764571"
    },
    "tracking - pfttracking - wm": {
        "content": [
            "test__pft_tracking.trk",
            [
                [
                    {
                        "id": "test",
                        "single_end": false
                    },
                    "test__pft_tracking_config.json:md5,bedf3ac8834d78389b3b58809f0bb750"
                ]
            ],
            [
                [
                    {
                        "id": "test",
                        "single_end": false
                    },
                    "test__map_include.nii.gz:md5,b974759b87b8d920195d93f86219f2ee"
                ]
            ],
            [
                [
                    {
                        "id": "test",
                        "single_end": false
                    },
                    "test__map_exclude.nii.gz:md5,2876363d0394ea01534738650d78f441"
                ]
            ],
            [
                [
                    {
                        "id": "test",
                        "single_end": false
                    },
                    "test__pft_seeding_mask.nii.gz:md5,419fc04c34d14d37e231f43ac1d23e89"
                ]
            ],
            [
                "versions.yml:md5,50bec6db1c8ebd60c43b27cbb7ac3105"
            ]
        ],
        "meta": {
            "nf-test": "0.9.0",
            "nextflow": "25.04.2"
        },
        "timestamp": "2025-06-05T15:26:52.35652585"
    }
}