{
    "segmentation - fastsurfer - stub-run": {
        "content": [
            [
                "versions.yml:md5,e8b23bad4c18455628c32518f57a207a"
            ]
        ],
        "meta": {
            "nf-test": "0.9.2",
            "nextflow": "24.10.3"
        },
        "timestamp": "2025-03-04T21:23:33.143151"
    },
    "segmentation - fastsurfer": {
        "content": [
            "test_fastsurfer",
            [
                "versions.yml:md5,e8b23bad4c18455628c32518f57a207a"
            ]
        ],
        "meta": {
            "nf-test": "0.9.0-rc1",
            "nextflow": "24.04.4"
        },
        "timestamp": "2024-09-05T14:37:22.562225"
    }
}
