{
    "output to template MNI152NLin2009aAsym - with brain mask": {
        "content": [
            {
                "0": [
                    "template__image_bet.nii.gz:md5,01c9075c8bf0c0f177660e0235dd6dec"
                ],
                "1": [
                    "template__image_bet.nii.gz:md5,a86fa91b93732a6a8bb0ef7ee8c6f758"
                ],
                "2": [
                    [
                        {
                            "id": "test"
                        },
                        "test__warped.nii.gz:md5,b99092deb15615bc97ea03eacccff930"
                    ]
                ],
                "3": [
                    [
                        {
                            "id": "test"
                        },
                        "test__IFGWM__warped.nii.gz:md5,fb770a7e718011de4da6b23a712fcb03"
                    ]
                ],
                "4": [
                    
                ],
                "5": [
                    [
                        {
                            "id": "test"
                        },
                        "test__IFGWM_labels_map__warped.nii.gz:md5,d31f6ce5792d9ceeae93d987f6fa82eb"
                    ]
                ],
                "6": [
                    [
                        {
                            "id": "test"
                        },
                        [
                            "test__IFGWM.trk:md5,33348cef01be731c98628826e0a57649",
                            "test__IFGWM_color.trk:md5,33348cef01be731c98628826e0a57649",
                            "test__IFGWM_uni.trk:md5,a0af47ad2847103505ebfb13c14b1d7d"
                        ]
                    ]
                ],
                "7": [
                    "versions.yml:md5,04f69537f2d6cdc20e0a8c110ae9b7e7",
                    "versions.yml:md5,0d37dad46b915d0f062b1e1c791f47a7",
                    "versions.yml:md5,29c5499c53451b27652c9eb978a79e76",
                    "versions.yml:md5,75c8524f95824b358ede7fe52dfa35e6",
                    "versions.yml:md5,a6b014172fd4dfe073bb793b58943c46",
                    "versions.yml:md5,ad180f312de6e9124ce2789c69d3afdf",
                    "versions.yml:md5,b180b92a88347fe68d25e2c8066322f1"
                ],
                "ch_registered_anat": [
                    [
                        {
                            "id": "test"
                        },
                        "test__warped.nii.gz:md5,b99092deb15615bc97ea03eacccff930"
                    ]
                ],
                "ch_t1w_tpl": [
                    "template__image_bet.nii.gz:md5,01c9075c8bf0c0f177660e0235dd6dec"
                ],
                "ch_t2w_tpl": [
                    "template__image_bet.nii.gz:md5,a86fa91b93732a6a8bb0ef7ee8c6f758"
                ],
                "ch_warped_labels_files": [
                    [
                        {
                            "id": "test"
                        },
                        "test__IFGWM_labels_map__warped.nii.gz:md5,d31f6ce5792d9ceeae93d987f6fa82eb"
                    ]
                ],
                "ch_warped_mask_files": [
                    
                ],
                "ch_warped_nifti_files": [
                    [
                        {
                            "id": "test"
                        },
                        "test__IFGWM__warped.nii.gz:md5,fb770a7e718011de4da6b23a712fcb03"
                    ]
                ],
                "ch_warped_trk_files": [
                    [
                        {
                            "id": "test"
                        },
                        [
                            "test__IFGWM.trk:md5,33348cef01be731c98628826e0a57649",
                            "test__IFGWM_color.trk:md5,33348cef01be731c98628826e0a57649",
                            "test__IFGWM_uni.trk:md5,a0af47ad2847103505ebfb13c14b1d7d"
                        ]
                    ]
                ],
                "versions": [
                    "versions.yml:md5,04f69537f2d6cdc20e0a8c110ae9b7e7",
                    "versions.yml:md5,0d37dad46b915d0f062b1e1c791f47a7",
                    "versions.yml:md5,29c5499c53451b27652c9eb978a79e76",
                    "versions.yml:md5,75c8524f95824b358ede7fe52dfa35e6",
                    "versions.yml:md5,a6b014172fd4dfe073bb793b58943c46",
                    "versions.yml:md5,ad180f312de6e9124ce2789c69d3afdf",
                    "versions.yml:md5,b180b92a88347fe68d25e2c8066322f1"
                ]
            }
        ],
        "meta": {
            "nf-test": "0.9.2",
            "nextflow": "25.04.2"
        },
        "timestamp": "2025-05-29T13:56:29.991808"
    },
    "output to template MNI152NLin2009aAsym - stub": {
        "content": [
            [
                "versions.yml:md5,04f69537f2d6cdc20e0a8c110ae9b7e7",
                "versions.yml:md5,08c023826481c9130c3914096cda7f63",
                "versions.yml:md5,0d37dad46b915d0f062b1e1c791f47a7",
                "versions.yml:md5,a166b69e9dc7963b29c7a5944fbbf72a",
                "versions.yml:md5,a6b014172fd4dfe073bb793b58943c46",
                "versions.yml:md5,ad180f312de6e9124ce2789c69d3afdf",
                "versions.yml:md5,d4da7406446940901e5757ec63bf3d8f"
            ]
        ],
        "meta": {
            "nf-test": "0.9.2",
            "nextflow": "25.04.2"
        },
        "timestamp": "2025-05-29T13:57:01.689815"
    }
}