{
    "topup_eddy - AP DWI | PA sbref": {
        "content": [
            [
                "test_b0.nii.gz",
                [
                    [
                        {
                            "id": "test",
                            "single_end": false
                        },
                        "test__b0_bet_mask.nii.gz:md5,1b45aae94d5bb093dca6ca4a71a8bf97"
                    ]
                ],
                [
                    [
                        {
                            "id": "test",
                            "single_end": false
                        },
                        "test__dwi_eddy_corrected.bval:md5,8192e97b08e8032382397bb844b31892"
                    ]
                ],
                "test__dwi_eddy_corrected.bvec",
                "test__dwi_corrected.nii.gz",
                [
                    "versions.yml:md5,4b74184cf640fe471fd336a12cd7d565",
                    "versions.yml:md5,dc9478b4d3cb93d93799e493aefe5220"
                ]
            ]
        ],
        "meta": {
            "nf-test": "0.9.0",
            "nextflow": "25.04.2"
        },
        "timestamp": "2025-06-01T00:20:35.227281757"
    },
    "topup_eddy - ONLY Eddy - AP DWI | PA sbref": {
        "content": [
            [
                "test_b0.nii.gz",
                [
                    [
                        {
                            "id": "test",
                            "single_end": false
                        },
                        "test__b0_bet_mask.nii.gz:md5,1b45aae94d5bb093dca6ca4a71a8bf97"
                    ]
                ],
                [
                    [
                        {
                            "id": "test",
                            "single_end": false
                        },
                        "test__dwi_eddy_corrected.bval:md5,8192e97b08e8032382397bb844b31892"
                    ]
                ],
                "test__dwi_eddy_corrected.bvec",
                "test__dwi_corrected.nii.gz",
                [
                    "versions.yml:md5,4b74184cf640fe471fd336a12cd7d565",
                    "versions.yml:md5,dc9478b4d3cb93d93799e493aefe5220"
                ]
            ]
        ],
        "meta": {
            "nf-test": "0.9.0",
            "nextflow": "25.04.2"
        },
        "timestamp": "2025-06-01T00:19:48.37302071"
    },
    "topup_eddy - AP DWI+sbref | PA DWI+sbref": {
        "content": [
            [
                "test_b0.nii.gz",
                [
                    [
                        {
                            "id": "test",
                            "single_end": false
                        },
                        "test__b0_bet_mask.nii.gz:md5,1b45aae94d5bb093dca6ca4a71a8bf97"
                    ]
                ],
                [
                    [
                        {
                            "id": "test",
                            "single_end": false
                        },
                        "test__dwi_eddy_corrected.bval:md5,8192e97b08e8032382397bb844b31892"
                    ]
                ],
                "test__dwi_eddy_corrected.bvec",
                "test__dwi_corrected.nii.gz",
                [
                    "versions.yml:md5,4b74184cf640fe471fd336a12cd7d565",
                    "versions.yml:md5,dc9478b4d3cb93d93799e493aefe5220"
                ]
            ]
        ],
        "meta": {
            "nf-test": "0.9.0",
            "nextflow": "25.04.2"
        },
        "timestamp": "2025-06-01T00:21:19.437875741"
    }
}