{
    "image - resample - stub-run": {
        "content": [
            [
                "versions.yml:md5,90172e8692b979be08f9e7d775893ad8"
            ]
        ],
        "meta": {
            "nf-test": "0.9.0",
            "nextflow": "25.04.7"
        },
        "timestamp": "2025-09-16T20:46:08.095689338"
    },
    "image - resample - isomin": {
        "content": [
            {
                "0": [
                    [
                        {
                            "id": "test",
                            "single_end": false
                        },
                        "test_resampled.nii.gz:md5,f3164907d16ceabf606a03ea0efd3a2f"
                    ]
                ],
                "1": [
                    "versions.yml:md5,90172e8692b979be08f9e7d775893ad8"
                ],
                "image": [
                    [
                        {
                            "id": "test",
                            "single_end": false
                        },
                        "test_resampled.nii.gz:md5,f3164907d16ceabf606a03ea0efd3a2f"
                    ]
                ],
                "versions": [
                    "versions.yml:md5,90172e8692b979be08f9e7d775893ad8"
                ]
            }
        ],
        "meta": {
            "nf-test": "0.9.0",
            "nextflow": "25.04.7"
        },
        "timestamp": "2025-09-16T20:42:42.725857841"
    },
    "image - resample - nn": {
        "content": [
            {
                "0": [
                    [
                        {
                            "id": "test",
                            "single_end": false
                        },
                        "test_resampled.nii.gz:md5,8d3e1c9552673b1ce60bc4d090198564"
                    ]
                ],
                "1": [
                    "versions.yml:md5,90172e8692b979be08f9e7d775893ad8"
                ],
                "image": [
                    [
                        {
                            "id": "test",
                            "single_end": false
                        },
                        "test_resampled.nii.gz:md5,8d3e1c9552673b1ce60bc4d090198564"
                    ]
                ],
                "versions": [
                    "versions.yml:md5,90172e8692b979be08f9e7d775893ad8"
                ]
            }
        ],
        "meta": {
            "nf-test": "0.9.0",
            "nextflow": "25.04.7"
        },
        "timestamp": "2025-09-16T20:45:38.322035422"
    },
    "image - resample - volsize": {
        "content": [
            {
                "0": [
                    [
                        {
                            "id": "test",
                            "single_end": false
                        },
                        "test_resampled.nii.gz:md5,7c83b666f9fb2d68643a20d1c7ac21d8"
                    ]
                ],
                "1": [
                    "versions.yml:md5,90172e8692b979be08f9e7d775893ad8"
                ],
                "image": [
                    [
                        {
                            "id": "test",
                            "single_end": false
                        },
                        "test_resampled.nii.gz:md5,7c83b666f9fb2d68643a20d1c7ac21d8"
                    ]
                ],
                "versions": [
                    "versions.yml:md5,90172e8692b979be08f9e7d775893ad8"
                ]
            }
        ],
        "meta": {
            "nf-test": "0.9.0",
            "nextflow": "25.04.7"
        },
        "timestamp": "2025-09-16T20:42:07.088799546"
    },
    "image - resample - voxsize": {
        "content": [
            {
                "0": [
                    [
                        {
                            "id": "test",
                            "single_end": false
                        },
                        "test_voxsize_resampled.nii.gz:md5,6ffdabab138186db2dab6f98ea6e9ffb"
                    ]
                ],
                "1": [
                    "versions.yml:md5,90172e8692b979be08f9e7d775893ad8"
                ],
                "image": [
                    [
                        {
                            "id": "test",
                            "single_end": false
                        },
                        "test_voxsize_resampled.nii.gz:md5,6ffdabab138186db2dab6f98ea6e9ffb"
                    ]
                ],
                "versions": [
                    "versions.yml:md5,90172e8692b979be08f9e7d775893ad8"
                ]
            }
        ],
        "meta": {
            "nf-test": "0.9.0",
            "nextflow": "25.04.7"
        },
        "timestamp": "2025-09-16T20:41:36.179272588"
    },
    "image - resample - ref": {
        "content": [
            {
                "0": [
                    [
                        {
                            "id": "test",
                            "single_end": false
                        },
                        "test_resampled.nii.gz:md5,0a45d21ff294fda2e41c620cf83d0406"
                    ]
                ],
                "1": [
                    "versions.yml:md5,90172e8692b979be08f9e7d775893ad8"
                ],
                "image": [
                    [
                        {
                            "id": "test",
                            "single_end": false
                        },
                        "test_resampled.nii.gz:md5,0a45d21ff294fda2e41c620cf83d0406"
                    ]
                ],
                "versions": [
                    "versions.yml:md5,90172e8692b979be08f9e7d775893ad8"
                ]
            }
        ],
        "meta": {
            "nf-test": "0.9.0",
            "nextflow": "25.04.7"
        },
        "timestamp": "2025-09-16T20:45:08.941753006"
    }
}