{
    "preproc_t1_quick": {
        "content": [
            {
                "0": [
                    [
                        {
                            "id": "test",
                            "single_end": false
                        },
                        "test_cropped.nii.gz:md5,c507c9182cc410c298fad4a03540c0c9"
                    ]
                ],
                "1": [
                    
                ],
                "2": [
                    [
                        {
                            "id": "test",
                            "single_end": false
                        },
                        "test__denoised.nii.gz:md5,c507c9182cc410c298fad4a03540c0c9"
                    ]
                ],
                "3": [
                    [
                        {
                            "id": "test",
                            "single_end": false
                        },
                        "test__denoised.nii.gz:md5,c507c9182cc410c298fad4a03540c0c9"
                    ]
                ],
                "4": [
                    [
                        {
                            "id": "test",
                            "single_end": false
                        },
                        "test_resampled.nii.gz:md5,c507c9182cc410c298fad4a03540c0c9"
                    ]
                ],
                "5": [
                    [
                        {
                            "id": "test",
                            "single_end": false
                        },
                        "test_resampled.nii.gz:md5,c507c9182cc410c298fad4a03540c0c9"
                    ]
                ],
                "6": [
                    
                ],
                "7": [
                    
                ],
                "8": [
                    "versions.yml:md5,bdd934b4b8456060c36d6d97e4f30740",
                    "versions.yml:md5,bf4dd58c38dd4863ebfb9e78a94c3a20",
                    "versions.yml:md5,ea32c30f5320f720b2f5dc32ac2535ea"
                ],
                "crop_box": [
                    
                ],
                "image_N4": [
                    [
                        {
                            "id": "test",
                            "single_end": false
                        },
                        "test__denoised.nii.gz:md5,c507c9182cc410c298fad4a03540c0c9"
                    ]
                ],
                "image_bet": [
                    [
                        {
                            "id": "test",
                            "single_end": false
                        },
                        "test_resampled.nii.gz:md5,c507c9182cc410c298fad4a03540c0c9"
                    ]
                ],
                "image_nlmeans": [
                    [
                        {
                            "id": "test",
                            "single_end": false
                        },
                        "test__denoised.nii.gz:md5,c507c9182cc410c298fad4a03540c0c9"
                    ]
                ],
                "image_resample": [
                    [
                        {
                            "id": "test",
                            "single_end": false
                        },
                        "test_resampled.nii.gz:md5,c507c9182cc410c298fad4a03540c0c9"
                    ]
                ],
                "mask_bet": [
                    
                ],
                "mask_final": [
                    
                ],
                "t1_final": [
                    [
                        {
                            "id": "test",
                            "single_end": false
                        },
                        "test_cropped.nii.gz:md5,c507c9182cc410c298fad4a03540c0c9"
                    ]
                ],
                "versions": [
                    "versions.yml:md5,bdd934b4b8456060c36d6d97e4f30740",
                    "versions.yml:md5,bf4dd58c38dd4863ebfb9e78a94c3a20",
                    "versions.yml:md5,ea32c30f5320f720b2f5dc32ac2535ea"
                ]
            }
        ],
        "meta": {
            "nf-test": "0.9.0",
            "nextflow": "24.10.3"
        },
        "timestamp": "2025-01-14T10:02:29.972139887"
    },
    "preproc_t1_synthbet": {
        "content": [
            "test__denoised.nii.gz:md5:header,a7ee0e819007aba98d14f7a145b550e6,data,2e21433e2bcd4de2a6b6167c6233cd40",
            "test__image_n4.nii.gz:md5:header,1eef210e471594bfd0725884e15c9b88,data,594c6aecc0ca0116c78eb129fb79fc5f",
            "test_resampled.nii.gz:md5:header,9dac59dbaf2d894eeb5f121d4c2405f5,data,594c6aecc0ca0116c78eb129fb79fc5f",
            "test__bet_image.nii.gz:md5:header,7e7a5fb3e07629f39fa67eeb56afc91e,data,2639ce8e97e83db8be3ebcd3f28f7735",
            "test__brain_mask.nii.gz:md5:header,fd21463c4f2683ce228b7d96b07ec71e,data,1373e039d688c4897a056b7188099cf9",
            [
                [
                    {
                        "id": "test",
                        "single_end": false
                    },
                    "test_t1_cropped_bbox.pkl:md5,a19dfbc7667e79b20d8cdf2a92977ac1"
                ]
            ],
            "test_cropped.nii.gz:md5:header,8f0cfd4d4e5cf0635e52d36b60489947,data,f6dfc33d040e48aabbe3c44ad08b1853",
            "test_t1_cropped.nii.gz:md5:header,8f0cfd4d4e5cf0635e52d36b60489947,data,a847786de0fb0c6c02dd22501445c198",
            [
                "versions.yml:md5,318cabe934be45528a25f52083d9c90d",
                "versions.yml:md5,7aad91b5043d2dc8e8fc69ffbbe6f657",
                "versions.yml:md5,bdd934b4b8456060c36d6d97e4f30740",
                "versions.yml:md5,be3dbb0ac2589ad263d583018f339102",
                "versions.yml:md5,bf4dd58c38dd4863ebfb9e78a94c3a20",
                "versions.yml:md5,ea32c30f5320f720b2f5dc32ac2535ea"
            ]
        ],
        "meta": {
            "nf-test": "0.9.2",
            "nextflow": "25.04.2"
        },
        "timestamp": "2025-06-24T14:06:08.432213"
    },
    "preproc_t1_skip_all": {
        "content": [
            {
                "0": [
                    [
                        {
                            "id": "test",
                            "single_end": false
                        },
                        "T1w.nii.gz:md5,ce10054d30c0a0753c619d67d811fe32"
                    ]
                ],
                "1": [
                    
                ],
                "2": [
                    [
                        {
                            "id": "test",
                            "single_end": false
                        },
                        "T1w.nii.gz:md5,ce10054d30c0a0753c619d67d811fe32"
                    ]
                ],
                "3": [
                    [
                        {
                            "id": "test",
                            "single_end": false
                        },
                        "T1w.nii.gz:md5,ce10054d30c0a0753c619d67d811fe32"
                    ]
                ],
                "4": [
                    [
                        {
                            "id": "test",
                            "single_end": false
                        },
                        "T1w.nii.gz:md5,ce10054d30c0a0753c619d67d811fe32"
                    ]
                ],
                "5": [
                    [
                        {
                            "id": "test",
                            "single_end": false
                        },
                        "T1w.nii.gz:md5,ce10054d30c0a0753c619d67d811fe32"
                    ]
                ],
                "6": [
                    
                ],
                "7": [
                    
                ],
                "8": [
                    
                ],
                "crop_box": [
                    
                ],
                "image_N4": [
                    [
                        {
                            "id": "test",
                            "single_end": false
                        },
                        "T1w.nii.gz:md5,ce10054d30c0a0753c619d67d811fe32"
                    ]
                ],
                "image_bet": [
                    [
                        {
                            "id": "test",
                            "single_end": false
                        },
                        "T1w.nii.gz:md5,ce10054d30c0a0753c619d67d811fe32"
                    ]
                ],
                "image_nlmeans": [
                    [
                        {
                            "id": "test",
                            "single_end": false
                        },
                        "T1w.nii.gz:md5,ce10054d30c0a0753c619d67d811fe32"
                    ]
                ],
                "image_resample": [
                    [
                        {
                            "id": "test",
                            "single_end": false
                        },
                        "T1w.nii.gz:md5,ce10054d30c0a0753c619d67d811fe32"
                    ]
                ],
                "mask_bet": [
                    
                ],
                "mask_final": [
                    
                ],
                "t1_final": [
                    [
                        {
                            "id": "test",
                            "single_end": false
                        },
                        "T1w.nii.gz:md5,ce10054d30c0a0753c619d67d811fe32"
                    ]
                ],
                "versions": [
                    
                ]
            }
        ],
        "meta": {
            "nf-test": "0.9.2",
            "nextflow": "25.04.2"
        },
        "timestamp": "2025-06-24T14:06:31.566518"
    },
    "preproc_t1_antsbet": {
        "content": [
            "test__denoised.nii.gz:md5:header,a7ee0e819007aba98d14f7a145b550e6,data,2e21433e2bcd4de2a6b6167c6233cd40",
            "test__image_n4.nii.gz:md5:header,1eef210e471594bfd0725884e15c9b88,data,594c6aecc0ca0116c78eb129fb79fc5f",
            "test_resampled.nii.gz:md5:header,9dac59dbaf2d894eeb5f121d4c2405f5,data,594c6aecc0ca0116c78eb129fb79fc5f",
            "test__t1_bet.nii.gz",
            "test__t1_bet_mask.nii.gz",
            "test_t1_cropped_bbox.pkl",
            "test_cropped.nii.gz",
            "test_t1_cropped.nii.gz",
            [
                "versions.yml:md5,7aad91b5043d2dc8e8fc69ffbbe6f657",
                "versions.yml:md5,bdd934b4b8456060c36d6d97e4f30740",
                "versions.yml:md5,be3dbb0ac2589ad263d583018f339102",
                "versions.yml:md5,bf4dd58c38dd4863ebfb9e78a94c3a20",
                "versions.yml:md5,da278daafbe3afa8454021e2716dd205",
                "versions.yml:md5,ea32c30f5320f720b2f5dc32ac2535ea"
            ]
        ],
        "meta": {
            "nf-test": "0.9.2",
            "nextflow": "25.04.2"
        },
        "timestamp": "2025-06-24T13:22:50.071712"
    }
}