{
    "betcrop - antsbet": {
        "content": [
            "test__t1_bet.nii.gz",
            "test__t1_bet_mask.nii.gz",
            [
                "versions.yml:md5,bb378e913d4002d0b644d3277892ae20"
            ]
        ],
        "meta": {
            "nf-test": "0.9.0",
            "nextflow": "24.10.5"
        },
        "timestamp": "2025-03-24T17:47:54.836534884"
    },
    "betcrop - antsbet - stub-run": {
        "content": [
            [
                "versions.yml:md5,bb378e913d4002d0b644d3277892ae20"
            ]
        ],
        "meta": {
            "nf-test": "0.9.0",
            "nextflow": "24.10.3"
        },
        "timestamp": "2025-01-14T20:42:47.191136661"
    }
}